// Jest Snapshot v1, https://goo.gl/fbAQLP

exports[`LanguageProvider should render snapshot 1`] = `
<div>
  {"en":{"app.containers.SearchView.placeholder":"Search the world","app.containers.SearchView.title":"Search Results","boilerplate.containers.locale.en":"English","boilerplate.containers.locale.fr":"French"},"fr":{"app.containers.SearchView.placeholder":"Cherchez le monde","app.containers.SearchView.title":"Résultats de recherche","boilerplate.containers.locale.en":"Anglaise","boilerplate.containers.locale.fr":"Français"}}
</div>
`;
